/home/vazgen/CoMM_REIMPLEMENTATION/my_env/lib/python3.10/site-packages/fairscale/experimental/nn/offload.py:19: FutureWarning: `torch.cuda.amp.custom_fwd(args...)` is deprecated. Please use `torch.amp.custom_fwd(args..., device_type='cuda')` instead.
  return torch.cuda.amp.custom_fwd(orig_func)  # type: ignore
/home/vazgen/CoMM_REIMPLEMENTATION/my_env/lib/python3.10/site-packages/fairscale/experimental/nn/offload.py:30: FutureWarning: `torch.cuda.amp.custom_bwd(args...)` is deprecated. Please use `torch.amp.custom_bwd(args..., device_type='cuda')` instead.
  return torch.cuda.amp.custom_bwd(orig_func)  # type: ignore
/home/vazgen/CoMM_REIMPLEMENTATION/my_env/lib/python3.10/site-packages/huggingface_hub/file_download.py:896: FutureWarning: `resume_download` is deprecated and will be removed in version 1.0.0. Downloads always resume when possible. If you want to force a new download, use `force_download=True`.
  warnings.warn(
Using default `ModelCheckpoint`. Consider installing `litmodels` package to enable `LitModelCheckpoint` for automatic upload to the Lightning model registry.
GPU available: True (cuda), used: False
TPU available: False, using: 0 TPU cores
HPU available: False, using: 0 HPUs
/home/vazgen/CoMM_REIMPLEMENTATION/my_env/lib/python3.10/site-packages/pytorch_lightning/trainer/setup.py:177: GPU available but not used. You can set it by doing `Trainer(accelerator='gpu')`.

Testing: |          | 0/? [00:00<?, ?it/s]
Testing:   0%|          | 0/244 [00:00<?, ?it/s]
Testing DataLoader 0:   0%|          | 0/244 [00:00<?, ?it/s]/home/vazgen/CoMM_REIMPLEMENTATION/my_env/lib/python3.10/site-packages/torch/nn/modules/transformer.py:505: UserWarning: The PyTorch API of nested tensors is in prototype stage and will change in the near future. We recommend specifying layout=torch.jagged when constructing a nested tensor, as this layout receives active development, has better operator coverage, and works with torch.compile. (Triggered internally at /pytorch/aten/src/ATen/NestedTensorImpl.cpp:178.)
  output = torch._nested_tensor_from_mask(
/home/vazgen/CoMM_REIMPLEMENTATION/my_env/lib/python3.10/site-packages/pytorch_lightning/utilities/data.py:79: Trying to infer the `batch_size` from an ambiguous collection. The batch size we found is 32. To avoid any miscalculations, use `self.log(..., batch_size=batch_size)`.

Testing DataLoader 0:   0%|          | 1/244 [00:39<2:41:21,  0.03it/s]
Testing DataLoader 0:   1%|          | 2/244 [01:18<2:38:39,  0.03it/s]
Testing DataLoader 0:   1%|          | 3/244 [01:57<2:37:33,  0.03it/s]
Testing DataLoader 0:   2%|▏         | 4/244 [02:36<2:36:42,  0.03it/s]
Testing DataLoader 0:   2%|▏         | 5/244 [03:15<2:36:01,  0.03it/s]
Testing DataLoader 0:   2%|▏         | 6/244 [03:55<2:35:22,  0.03it/s]
Testing DataLoader 0:   3%|▎         | 7/244 [04:34<2:34:43,  0.03it/s]
Testing DataLoader 0:   3%|▎         | 8/244 [05:13<2:34:03,  0.03it/s]
Testing DataLoader 0:   4%|▎         | 9/244 [05:52<2:33:25,  0.03it/s]
Testing DataLoader 0:   4%|▍         | 10/244 [06:31<2:32:48,  0.03it/s]
Testing DataLoader 0:   5%|▍         | 11/244 [07:09<2:31:44,  0.03it/s]
Testing DataLoader 0:   5%|▍         | 12/244 [07:49<2:31:07,  0.03it/s]
Testing DataLoader 0:   5%|▌         | 13/244 [08:28<2:30:29,  0.03it/s]
Testing DataLoader 0:   6%|▌         | 14/244 [09:07<2:29:55,  0.03it/s]
Testing DataLoader 0:   6%|▌         | 15/244 [09:46<2:29:17,  0.03it/s]
Testing DataLoader 0:   7%|▋         | 16/244 [10:26<2:28:41,  0.03it/s]
Testing DataLoader 0:   7%|▋         | 17/244 [11:03<2:27:35,  0.03it/s]
Testing DataLoader 0:   7%|▋         | 18/244 [11:42<2:26:58,  0.03it/s]
Testing DataLoader 0:   8%|▊         | 19/244 [12:21<2:26:21,  0.03it/s]
Testing DataLoader 0:   8%|▊         | 20/244 [13:00<2:25:45,  0.03it/s]
Testing DataLoader 0:   9%|▊         | 21/244 [13:39<2:25:05,  0.03it/s]
Testing DataLoader 0:   9%|▉         | 22/244 [14:19<2:24:29,  0.03it/s]
Testing DataLoader 0:   9%|▉         | 23/244 [14:58<2:23:52,  0.03it/s]
Testing DataLoader 0:  10%|▉         | 24/244 [15:37<2:23:14,  0.03it/s]
Testing DataLoader 0:  10%|█         | 25/244 [16:16<2:22:38,  0.03it/s]
Testing DataLoader 0:  11%|█         | 26/244 [16:56<2:22:01,  0.03it/s]
Testing DataLoader 0:  11%|█         | 27/244 [17:35<2:21:23,  0.03it/s]
Testing DataLoader 0:  11%|█▏        | 28/244 [18:14<2:20:43,  0.03it/s]
Testing DataLoader 0:  12%|█▏        | 29/244 [18:53<2:20:06,  0.03it/s]
Testing DataLoader 0:  12%|█▏        | 30/244 [19:33<2:19:31,  0.03it/s]
Testing DataLoader 0:  13%|█▎        | 31/244 [20:13<2:18:55,  0.03it/s]
Testing DataLoader 0:  13%|█▎        | 32/244 [20:50<2:18:03,  0.03it/s]
Testing DataLoader 0:  14%|█▎        | 33/244 [21:31<2:17:38,  0.03it/s]
Testing DataLoader 0:  14%|█▍        | 34/244 [22:13<2:17:13,  0.03it/s]
Testing DataLoader 0:  14%|█▍        | 35/244 [22:54<2:16:45,  0.03it/s]
Testing DataLoader 0:  15%|█▍        | 36/244 [23:35<2:16:16,  0.03it/s]
Testing DataLoader 0:  15%|█▌        | 37/244 [24:16<2:15:48,  0.03it/s]
Testing DataLoader 0:  16%|█▌        | 38/244 [24:58<2:15:21,  0.03it/s]
Testing DataLoader 0:  16%|█▌        | 39/244 [25:39<2:14:49,  0.03it/s]
Testing DataLoader 0:  16%|█▋        | 40/244 [26:20<2:14:19,  0.03it/s]
Testing DataLoader 0:  17%|█▋        | 41/244 [26:58<2:13:33,  0.03it/s]
Testing DataLoader 0:  17%|█▋        | 42/244 [27:39<2:13:02,  0.03it/s]
Testing DataLoader 0:  18%|█▊        | 43/244 [28:21<2:12:31,  0.03it/s]
Testing DataLoader 0:  18%|█▊        | 44/244 [29:02<2:12:00,  0.03it/s]
Testing DataLoader 0:  18%|█▊        | 45/244 [29:43<2:11:28,  0.03it/s]
Testing DataLoader 0:  19%|█▉        | 46/244 [30:23<2:10:50,  0.03it/s]
Testing DataLoader 0:  19%|█▉        | 47/244 [31:05<2:10:18,  0.03it/s]
Testing DataLoader 0:  20%|█▉        | 48/244 [31:47<2:09:47,  0.03it/s]
Testing DataLoader 0:  20%|██        | 49/244 [32:28<2:09:14,  0.03it/s]
Testing DataLoader 0:  20%|██        | 50/244 [33:10<2:08:41,  0.03it/s]
Testing DataLoader 0:  21%|██        | 51/244 [33:51<2:08:07,  0.03it/s]
Testing DataLoader 0:  21%|██▏       | 52/244 [34:33<2:07:34,  0.03it/s]
Testing DataLoader 0:  22%|██▏       | 53/244 [35:14<2:07:01,  0.03it/s]
Testing DataLoader 0:  22%|██▏       | 54/244 [35:56<2:06:26,  0.03it/s]
Testing DataLoader 0:  23%|██▎       | 55/244 [36:37<2:05:51,  0.03it/s]
Testing DataLoader 0:  23%|██▎       | 56/244 [37:18<2:05:16,  0.03it/s]
Testing DataLoader 0:  23%|██▎       | 57/244 [38:00<2:04:41,  0.02it/s]
Testing DataLoader 0:  24%|██▍       | 58/244 [38:42<2:04:06,  0.02it/s]
Testing DataLoader 0:  24%|██▍       | 59/244 [39:23<2:03:31,  0.02it/s]
Testing DataLoader 0:  25%|██▍       | 60/244 [40:05<2:02:55,  0.02it/s]
Testing DataLoader 0:  25%|██▌       | 61/244 [40:46<2:02:19,  0.02it/s]
Testing DataLoader 0:  25%|██▌       | 62/244 [41:27<2:01:42,  0.02it/s]
Testing DataLoader 0:  26%|██▌       | 63/244 [42:09<2:01:06,  0.02it/s]
Testing DataLoader 0:  26%|██▌       | 64/244 [42:50<2:00:30,  0.02it/s]
Testing DataLoader 0:  27%|██▋       | 65/244 [43:32<1:59:53,  0.02it/s]
Testing DataLoader 0:  27%|██▋       | 66/244 [44:13<1:59:16,  0.02it/s]
Testing DataLoader 0:  27%|██▋       | 67/244 [44:55<1:58:39,  0.02it/s]
Testing DataLoader 0:  28%|██▊       | 68/244 [45:36<1:58:02,  0.02it/s]
Testing DataLoader 0:  28%|██▊       | 69/244 [46:18<1:57:25,  0.02it/s]
Testing DataLoader 0:  29%|██▊       | 70/244 [46:59<1:56:48,  0.02it/s]
Testing DataLoader 0:  29%|██▉       | 71/244 [47:41<1:56:11,  0.02it/s]
Testing DataLoader 0:  30%|██▉       | 72/244 [48:22<1:55:34,  0.02it/s]
Testing DataLoader 0:  30%|██▉       | 73/244 [49:04<1:54:57,  0.02it/s]
Testing DataLoader 0:  30%|███       | 74/244 [49:45<1:54:19,  0.02it/s]
Testing DataLoader 0:  31%|███       | 75/244 [50:27<1:53:41,  0.02it/s]
Testing DataLoader 0:  31%|███       | 76/244 [51:08<1:53:03,  0.02it/s]
Testing DataLoader 0:  32%|███▏      | 77/244 [51:50<1:52:25,  0.02it/s]
Testing DataLoader 0:  32%|███▏      | 78/244 [52:31<1:51:47,  0.02it/s]
Testing DataLoader 0:  32%|███▏      | 79/244 [53:13<1:51:09,  0.02it/s]
Testing DataLoader 0:  33%|███▎      | 80/244 [53:54<1:50:31,  0.02it/s]
Testing DataLoader 0:  33%|███▎      | 81/244 [54:36<1:49:53,  0.02it/s]
Testing DataLoader 0:  34%|███▎      | 82/244 [55:17<1:49:14,  0.02it/s]
Testing DataLoader 0:  34%|███▍      | 83/244 [55:59<1:48:35,  0.02it/s]
Testing DataLoader 0:  34%|███▍      | 84/244 [56:40<1:47:57,  0.02it/s]
Testing DataLoader 0:  35%|███▍      | 85/244 [57:22<1:47:18,  0.02it/s]
Testing DataLoader 0:  35%|███▌      | 86/244 [58:03<1:46:40,  0.02it/s]
Testing DataLoader 0:  36%|███▌      | 87/244 [58:45<1:46:01,  0.02it/s]
Testing DataLoader 0:  36%|███▌      | 88/244 [59:25<1:45:20,  0.02it/s]
Testing DataLoader 0:  36%|███▋      | 89/244 [1:00:06<1:44:41,  0.02it/s]
Testing DataLoader 0:  37%|███▋      | 90/244 [1:00:48<1:44:02,  0.02it/s]
Testing DataLoader 0:  37%|███▋      | 91/244 [1:01:29<1:43:23,  0.02it/s]
Testing DataLoader 0:  38%|███▊      | 92/244 [1:02:11<1:42:45,  0.02it/s]
Testing DataLoader 0:  38%|███▊      | 93/244 [1:02:52<1:42:05,  0.02it/s]
Testing DataLoader 0:  39%|███▊      | 94/244 [1:03:34<1:41:26,  0.02it/s]
Testing DataLoader 0:  39%|███▉      | 95/244 [1:04:15<1:40:47,  0.02it/s]
Testing DataLoader 0:  39%|███▉      | 96/244 [1:04:57<1:40:08,  0.02it/s]
Testing DataLoader 0:  40%|███▉      | 97/244 [1:05:38<1:39:29,  0.02it/s]
Testing DataLoader 0:  40%|████      | 98/244 [1:06:20<1:38:49,  0.02it/s]
Testing DataLoader 0:  41%|████      | 99/244 [1:07:01<1:38:10,  0.02it/s]
Testing DataLoader 0:  41%|████      | 100/244 [1:07:43<1:37:31,  0.02it/s]
Testing DataLoader 0:  41%|████▏     | 101/244 [1:08:25<1:36:52,  0.02it/s]
Testing DataLoader 0:  42%|████▏     | 102/244 [1:09:06<1:36:12,  0.02it/s]
Testing DataLoader 0:  42%|████▏     | 103/244 [1:09:48<1:35:33,  0.02it/s]
Testing DataLoader 0:  43%|████▎     | 104/244 [1:10:29<1:34:53,  0.02it/s]
Testing DataLoader 0:  43%|████▎     | 105/244 [1:11:11<1:34:14,  0.02it/s]
Testing DataLoader 0:  43%|████▎     | 106/244 [1:11:52<1:33:34,  0.02it/s]
Testing DataLoader 0:  44%|████▍     | 107/244 [1:12:34<1:32:54,  0.02it/s]
Testing DataLoader 0:  44%|████▍     | 108/244 [1:13:15<1:32:15,  0.02it/s]
Testing DataLoader 0:  45%|████▍     | 109/244 [1:13:56<1:31:35,  0.02it/s]
Testing DataLoader 0:  45%|████▌     | 110/244 [1:14:38<1:30:55,  0.02it/s]
Testing DataLoader 0:  45%|████▌     | 111/244 [1:15:19<1:30:15,  0.02it/s]
Testing DataLoader 0:  46%|████▌     | 112/244 [1:16:00<1:29:35,  0.02it/s]
Testing DataLoader 0:  46%|████▋     | 113/244 [1:16:42<1:28:55,  0.02it/s]
Testing DataLoader 0:  47%|████▋     | 114/244 [1:17:24<1:28:15,  0.02it/s]
Testing DataLoader 0:  47%|████▋     | 115/244 [1:18:04<1:27:35,  0.02it/s]
Testing DataLoader 0:  48%|████▊     | 116/244 [1:18:46<1:26:55,  0.02it/s]
Testing DataLoader 0:  48%|████▊     | 117/244 [1:19:28<1:26:15,  0.02it/s]
Testing DataLoader 0:  48%|████▊     | 118/244 [1:20:09<1:25:35,  0.02it/s]
Testing DataLoader 0:  49%|████▉     | 119/244 [1:20:49<1:24:54,  0.02it/s]
Testing DataLoader 0:  49%|████▉     | 120/244 [1:21:31<1:24:14,  0.02it/s]
Testing DataLoader 0:  50%|████▉     | 121/244 [1:22:13<1:23:34,  0.02it/s]
Testing DataLoader 0:  50%|█████     | 122/244 [1:22:54<1:22:54,  0.02it/s]
Testing DataLoader 0:  50%|█████     | 123/244 [1:23:36<1:22:14,  0.02it/s]
Testing DataLoader 0:  51%|█████     | 124/244 [1:24:17<1:21:34,  0.02it/s]
Testing DataLoader 0:  51%|█████     | 125/244 [1:24:59<1:20:54,  0.02it/s]
Testing DataLoader 0:  52%|█████▏    | 126/244 [1:25:41<1:20:14,  0.02it/s]
Testing DataLoader 0:  52%|█████▏    | 127/244 [1:26:22<1:19:34,  0.02it/s]
Testing DataLoader 0:  52%|█████▏    | 128/244 [1:27:04<1:18:54,  0.02it/s]
Testing DataLoader 0:  53%|█████▎    | 129/244 [1:27:45<1:18:14,  0.02it/s]
Testing DataLoader 0:  53%|█████▎    | 130/244 [1:28:27<1:17:34,  0.02it/s]
Testing DataLoader 0:  54%|█████▎    | 131/244 [1:29:08<1:16:53,  0.02it/s]
Testing DataLoader 0:  54%|█████▍    | 132/244 [1:29:50<1:16:13,  0.02it/s]
Testing DataLoader 0:  55%|█████▍    | 133/244 [1:30:32<1:15:33,  0.02it/s]
Testing DataLoader 0:  55%|█████▍    | 134/244 [1:31:13<1:14:53,  0.02it/s]
Testing DataLoader 0:  55%|█████▌    | 135/244 [1:31:55<1:14:13,  0.02it/s]
Testing DataLoader 0:  56%|█████▌    | 136/244 [1:32:36<1:13:32,  0.02it/s]
Testing DataLoader 0:  56%|█████▌    | 137/244 [1:33:18<1:12:52,  0.02it/s]
Testing DataLoader 0:  57%|█████▋    | 138/244 [1:34:00<1:12:12,  0.02it/s]
Testing DataLoader 0:  57%|█████▋    | 139/244 [1:34:41<1:11:31,  0.02it/s]
Testing DataLoader 0:  57%|█████▋    | 140/244 [1:35:23<1:10:51,  0.02it/s]
Testing DataLoader 0:  58%|█████▊    | 141/244 [1:36:05<1:10:11,  0.02it/s]
Testing DataLoader 0:  58%|█████▊    | 142/244 [1:36:46<1:09:30,  0.02it/s]
Testing DataLoader 0:  59%|█████▊    | 143/244 [1:37:28<1:08:50,  0.02it/s]
Testing DataLoader 0:  59%|█████▉    | 144/244 [1:38:10<1:08:10,  0.02it/s]
Testing DataLoader 0:  59%|█████▉    | 145/244 [1:38:51<1:07:29,  0.02it/s]
Testing DataLoader 0:  60%|█████▉    | 146/244 [1:39:33<1:06:49,  0.02it/s]
Testing DataLoader 0:  60%|██████    | 147/244 [1:40:14<1:06:08,  0.02it/s]
Testing DataLoader 0:  61%|██████    | 148/244 [1:40:56<1:05:28,  0.02it/s]
Testing DataLoader 0:  61%|██████    | 149/244 [1:41:38<1:04:47,  0.02it/s]
Testing DataLoader 0:  61%|██████▏   | 150/244 [1:42:19<1:04:07,  0.02it/s]
Testing DataLoader 0:  62%|██████▏   | 151/244 [1:43:01<1:03:27,  0.02it/s]
Testing DataLoader 0:  62%|██████▏   | 152/244 [1:43:41<1:02:45,  0.02it/s]
Testing DataLoader 0:  63%|██████▎   | 153/244 [1:44:22<1:02:04,  0.02it/s]
Testing DataLoader 0:  63%|██████▎   | 154/244 [1:45:04<1:01:24,  0.02it/s]
Testing DataLoader 0:  64%|██████▎   | 155/244 [1:45:45<1:00:43,  0.02it/s]
Testing DataLoader 0:  64%|██████▍   | 156/244 [1:46:27<1:00:03,  0.02it/s]
Testing DataLoader 0:  64%|██████▍   | 157/244 [1:47:09<59:22,  0.02it/s]  
Testing DataLoader 0:  65%|██████▍   | 158/244 [1:47:50<58:42,  0.02it/s]
Testing DataLoader 0:  65%|██████▌   | 159/244 [1:48:31<58:01,  0.02it/s]
Testing DataLoader 0:  66%|██████▌   | 160/244 [1:49:13<57:20,  0.02it/s]
Testing DataLoader 0:  66%|██████▌   | 161/244 [1:49:54<56:39,  0.02it/s]
Testing DataLoader 0:  66%|██████▋   | 162/244 [1:50:36<55:59,  0.02it/s]
Testing DataLoader 0:  67%|██████▋   | 163/244 [1:51:17<55:18,  0.02it/s]
Testing DataLoader 0:  67%|██████▋   | 164/244 [1:51:59<54:37,  0.02it/s]
Testing DataLoader 0:  68%|██████▊   | 165/244 [1:52:40<53:56,  0.02it/s]
Testing DataLoader 0:  68%|██████▊   | 166/244 [1:53:21<53:15,  0.02it/s]
Testing DataLoader 0:  68%|██████▊   | 167/244 [1:54:03<52:35,  0.02it/s]
Testing DataLoader 0:  69%|██████▉   | 168/244 [1:54:44<51:54,  0.02it/s]
Testing DataLoader 0:  69%|██████▉   | 169/244 [1:55:26<51:13,  0.02it/s]
Testing DataLoader 0:  70%|██████▉   | 170/244 [1:56:07<50:33,  0.02it/s]
Testing DataLoader 0:  70%|███████   | 171/244 [1:56:49<49:52,  0.02it/s]
Testing DataLoader 0:  70%|███████   | 172/244 [1:57:31<49:11,  0.02it/s]
Testing DataLoader 0:  71%|███████   | 173/244 [1:58:12<48:30,  0.02it/s]
Testing DataLoader 0:  71%|███████▏  | 174/244 [1:58:54<47:50,  0.02it/s]
Testing DataLoader 0:  72%|███████▏  | 175/244 [1:59:35<47:09,  0.02it/s]
Testing DataLoader 0:  72%|███████▏  | 176/244 [2:00:17<46:28,  0.02it/s]
Testing DataLoader 0:  73%|███████▎  | 177/244 [2:00:58<45:47,  0.02it/s]
Testing DataLoader 0:  73%|███████▎  | 178/244 [2:01:40<45:06,  0.02it/s]
Testing DataLoader 0:  73%|███████▎  | 179/244 [2:02:21<44:26,  0.02it/s]
Testing DataLoader 0:  74%|███████▍  | 180/244 [2:03:03<43:45,  0.02it/s]
Testing DataLoader 0:  74%|███████▍  | 181/244 [2:03:45<43:04,  0.02it/s]
Testing DataLoader 0:  75%|███████▍  | 182/244 [2:04:26<42:23,  0.02it/s]
Testing DataLoader 0:  75%|███████▌  | 183/244 [2:05:07<41:42,  0.02it/s]
Testing DataLoader 0:  75%|███████▌  | 184/244 [2:05:49<41:01,  0.02it/s]
Testing DataLoader 0:  76%|███████▌  | 185/244 [2:06:30<40:20,  0.02it/s]
Testing DataLoader 0:  76%|███████▌  | 186/244 [2:07:11<39:39,  0.02it/s]
Testing DataLoader 0:  77%|███████▋  | 187/244 [2:07:52<38:58,  0.02it/s]
Testing DataLoader 0:  77%|███████▋  | 188/244 [2:08:33<38:17,  0.02it/s]
Testing DataLoader 0:  77%|███████▋  | 189/244 [2:09:15<37:36,  0.02it/s]
Testing DataLoader 0:  78%|███████▊  | 190/244 [2:09:56<36:55,  0.02it/s]
Testing DataLoader 0:  78%|███████▊  | 191/244 [2:10:38<36:15,  0.02it/s]
Testing DataLoader 0:  79%|███████▊  | 192/244 [2:11:19<35:34,  0.02it/s]
Testing DataLoader 0:  79%|███████▉  | 193/244 [2:12:01<34:53,  0.02it/s]
Testing DataLoader 0:  80%|███████▉  | 194/244 [2:12:42<34:12,  0.02it/s]
Testing DataLoader 0:  80%|███████▉  | 195/244 [2:13:24<33:31,  0.02it/s]
Testing DataLoader 0:  80%|████████  | 196/244 [2:14:05<32:50,  0.02it/s]
Testing DataLoader 0:  81%|████████  | 197/244 [2:14:47<32:09,  0.02it/s]
Testing DataLoader 0:  81%|████████  | 198/244 [2:15:28<31:28,  0.02it/s]
Testing DataLoader 0:  82%|████████▏ | 199/244 [2:16:09<30:47,  0.02it/s]
Testing DataLoader 0:  82%|████████▏ | 200/244 [2:16:51<30:06,  0.02it/s]
Testing DataLoader 0:  82%|████████▏ | 201/244 [2:17:32<29:25,  0.02it/s]
Testing DataLoader 0:  83%|████████▎ | 202/244 [2:18:14<28:44,  0.02it/s]
Testing DataLoader 0:  83%|████████▎ | 203/244 [2:18:55<28:03,  0.02it/s]
Testing DataLoader 0:  84%|████████▎ | 204/244 [2:19:36<27:22,  0.02it/s]
Testing DataLoader 0:  84%|████████▍ | 205/244 [2:20:17<26:41,  0.02it/s]
Testing DataLoader 0:  84%|████████▍ | 206/244 [2:20:59<26:00,  0.02it/s]
Testing DataLoader 0:  85%|████████▍ | 207/244 [2:21:41<25:19,  0.02it/s]
Testing DataLoader 0:  85%|████████▌ | 208/244 [2:22:22<24:38,  0.02it/s]
Testing DataLoader 0:  86%|████████▌ | 209/244 [2:23:04<23:57,  0.02it/s]
Testing DataLoader 0:  86%|████████▌ | 210/244 [2:23:45<23:16,  0.02it/s]
Testing DataLoader 0:  86%|████████▋ | 211/244 [2:24:26<22:35,  0.02it/s]
Testing DataLoader 0:  87%|████████▋ | 212/244 [2:25:06<21:54,  0.02it/s]
Testing DataLoader 0:  87%|████████▋ | 213/244 [2:25:48<21:13,  0.02it/s]
Testing DataLoader 0:  88%|████████▊ | 214/244 [2:26:28<20:32,  0.02it/s]
Testing DataLoader 0:  88%|████████▊ | 215/244 [2:27:10<19:51,  0.02it/s]
Testing DataLoader 0:  89%|████████▊ | 216/244 [2:27:51<19:10,  0.02it/s]
Testing DataLoader 0:  89%|████████▉ | 217/244 [2:28:32<18:28,  0.02it/s]
Testing DataLoader 0:  89%|████████▉ | 218/244 [2:29:14<17:47,  0.02it/s]
Testing DataLoader 0:  90%|████████▉ | 219/244 [2:29:54<17:06,  0.02it/s]
Testing DataLoader 0:  90%|█████████ | 220/244 [2:30:36<16:25,  0.02it/s]
Testing DataLoader 0:  91%|█████████ | 221/244 [2:31:17<15:44,  0.02it/s]
Testing DataLoader 0:  91%|█████████ | 222/244 [2:31:59<15:03,  0.02it/s]
Testing DataLoader 0:  91%|█████████▏| 223/244 [2:32:40<14:22,  0.02it/s]
Testing DataLoader 0:  92%|█████████▏| 224/244 [2:33:22<13:41,  0.02it/s]
Testing DataLoader 0:  92%|█████████▏| 225/244 [2:34:01<13:00,  0.02it/s]
Testing DataLoader 0:  93%|█████████▎| 226/244 [2:34:43<12:19,  0.02it/s]
Testing DataLoader 0:  93%|█████████▎| 227/244 [2:35:24<11:38,  0.02it/s]
Testing DataLoader 0:  93%|█████████▎| 228/244 [2:36:06<10:57,  0.02it/s]
Testing DataLoader 0:  94%|█████████▍| 229/244 [2:36:48<10:16,  0.02it/s]
Testing DataLoader 0:  94%|█████████▍| 230/244 [2:37:29<09:35,  0.02it/s]
Testing DataLoader 0:  95%|█████████▍| 231/244 [2:38:11<08:54,  0.02it/s]
Testing DataLoader 0:  95%|█████████▌| 232/244 [2:38:53<08:13,  0.02it/s]
Testing DataLoader 0:  95%|█████████▌| 233/244 [2:39:34<07:32,  0.02it/s]
Testing DataLoader 0:  96%|█████████▌| 234/244 [2:40:16<06:50,  0.02it/s]
Testing DataLoader 0:  96%|█████████▋| 235/244 [2:40:58<06:09,  0.02it/s]
Testing DataLoader 0:  97%|█████████▋| 236/244 [2:41:39<05:28,  0.02it/s]
Testing DataLoader 0:  97%|█████████▋| 237/244 [2:42:21<04:47,  0.02it/s]
Testing DataLoader 0:  98%|█████████▊| 238/244 [2:43:03<04:06,  0.02it/s]
Testing DataLoader 0:  98%|█████████▊| 239/244 [2:43:45<03:25,  0.02it/s]
Testing DataLoader 0:  98%|█████████▊| 240/244 [2:44:26<02:44,  0.02it/s]
Testing DataLoader 0:  99%|█████████▉| 241/244 [2:45:08<02:03,  0.02it/s]
Testing DataLoader 0:  99%|█████████▉| 242/244 [2:45:49<01:22,  0.02it/s]
Testing DataLoader 0: 100%|█████████▉| 243/244 [2:46:31<00:41,  0.02it/s]/home/vazgen/CoMM_REIMPLEMENTATION/my_env/lib/python3.10/site-packages/pytorch_lightning/utilities/data.py:79: Trying to infer the `batch_size` from an ambiguous collection. The batch size we found is 3. To avoid any miscalculations, use `self.log(..., batch_size=batch_size)`.

Testing DataLoader 0: 100%|██████████| 244/244 [2:46:35<00:00,  0.02it/s]
Testing DataLoader 0: 100%|██████████| 244/244 [2:46:35<00:00,  0.02it/s]

Per-class F1 scores:
Class 0: 0.6517
Class 1: 0.5408
Class 2: 0.7072
Class 3: 0.2884
Class 4: 0.7383
Class 5: 0.5864
Class 6: 0.7085
Class 7: 0.7612
Class 8: 0.6744
Class 9: 0.4090
Class 10: 0.3043
Class 11: 0.3789
Class 12: 0.7526
Class 13: 0.5731
Class 14: 0.3458
Class 15: 0.3096
Class 16: 0.5390
Class 17: 0.6765
Class 18: 0.1829
Class 19: 0.6273
Class 20: 0.5909
Class 21: 0.6440
Class 22: 0.8238

Test Set Results:
Macro F1: 0.5572
Weighted F1: 0.6326